
> mistras-website@0.1.0 build
> next build

  Ôû▓ Next.js 14.2.35
  - Environments: .env.local

   Creating an optimized production build ...
 Ô£ô Compiled successfully
   Linting and checking validity of types ...
node.exe : Failed to compile.
At line:1 char:1
+ & "C:\Program Files\nodejs/node.exe" 
"C:\Users\Kazla\AppData\Roaming\ ...
+ ~~~~~~~~~~~~~~~~~~~~~~~~~~~~~~~~~~~~~~~~~~~~~~~~~~~
~~~~~~~~~~~~~~~~~~
    + CategoryInfo          : NotSpecified: (Failed  
   to compile.:String) [], RemoteException
    + FullyQualifiedErrorId : NativeCommandError
 

./src/components/portfolio/PortfolioGrid.tsx:16:111
Type error: Object literal may only specify known 
properties, and 'gradient' does not exist in type 
'PortfolioProject'.

[0m [90m 14 |[39m [90m// Placeholder projects 
ÔÇö will be replaced with WP API data[39m[0m
[0m [90m 15 |[39m [36mconst[39m 
[33mPLACEHOLDER_PROJECTS[39m[33m:[39m 
[33mPortfolioProject[39m[] [33m=[39m [[0m
[0m[31m[1m>[22m[39m[90m 16 |[39m   { 
id[33m:[39m [32m'1'[39m[33m,[39m 
title[33m:[39m [32m'┼¢v─ùrynas, 
Vilnius'[39m[33m,[39m type[33m:[39m 
[32m'─ä┼¥uolo parketas ┬À 
Lakavimas'[39m[33m,[39m category[33m:[39m 
[32m'Parketo ┼ílifavimas'[39m[33m,[39m 
gradient[33m:[39m [32m'from-[#4a3728] 
to-[#8B6914]'[39m[33m,[39m area[33m:[39m 
[32m'65 m┬▓'[39m[33m,[39m duration[33m:[39m 
[32m'2 dienos'[39m[33m,[39m 
description[33m:[39m [32m'Senas 40 met┼│ ─à┼¥uolo 
parketas buvo visi┼íkai atnaujintas. Nu─ùm─ùme 3 
sluoksnius seno lako, su┼ílifavome iki nat┼½ralios 
medienos ir padeng─ùme 3 sluoksniais Bona Traffic HD 
lako.'[39m }[33m,[39m[0m
[0m [90m    |[39m                                 
                                                     
                         [31m[1m^[22m[39m[0m
[0m [90m 17 |[39m   { id[33m:[39m 
[32m'2'[39m[33m,[39m title[33m:[39m 
[32m'Senamiestis, Vilnius'[39m[33m,[39m 
type[33m:[39m [32m'Da┼¥ytos grindys ┬À 
┼álifavimas'[39m[33m,[39m category[33m:[39m 
[32m'Parketo ┼ílifavimas'[39m[33m,[39m 
gradient[33m:[39m [32m'from-[#2a2a2a] 
to-[#5D4037]'[39m[33m,[39m area[33m:[39m 
[32m'45 m┬▓'[39m[33m,[39m duration[33m:[39m 
[32m'1.5 dienos'[39m[33m,[39m 
description[33m:[39m [32m'Senamies─ìio buto 
grindys buvo padengtos keliais sluoksniais da┼¥┼│. 
Po kruop┼ítaus ┼ílifavimo atsiv─ùr─ù gra┼¥us pu┼íies 
medienos ra┼ítas.'[39m }[33m,[39m[0m
[0m [90m 18 |[39m   { id[33m:[39m 
[32m'3'[39m[33m,[39m title[33m:[39m 
[32m'Restoranas ÔÇ×Amber"'[39m[33m,[39m 
type[33m:[39m [32m'Komercin─ùs grindys ┬À 
Bona'[39m[33m,[39m category[33m:[39m 
[32m'Komerciniai'[39m[33m,[39m 
gradient[33m:[39m [32m'from-[#3E2723] 
to-[#795548]'[39m[33m,[39m area[33m:[39m 
[32m'180 m┬▓'[39m[33m,[39m duration[33m:[39m 
[32m'3 dienos'[39m[33m,[39m 
description[33m:[39m [32m'Komercinis projektas 
ÔÇô restorano grind┼│ ┼ílifavimas ir padengimas Bona 
Traffic HD laku. Dirbome naktimis, kad netrukdytume 
restorano veiklai.'[39m }[33m,[39m[0m
[0m [90m 19 |[39m   { id[33m:[39m 
[32m'4'[39m[33m,[39m title[33m:[39m 
[32m'Antakalnis, Vilnius'[39m[33m,[39m 
type[33m:[39m [32m'─ä┼¥uolo parketas ┬À 
Alyvavimas'[39m[33m,[39m category[33m:[39m 
[32m'Parketo ┼ílifavimas'[39m[33m,[39m 
gradient[33m:[39m [32m'from-[#5D4037] 
to-[#D4A843]'[39m[33m,[39m area[33m:[39m 
[32m'80 m┬▓'[39m[33m,[39m duration[33m:[39m 
[32m'2 dienos'[39m[33m,[39m 
description[33m:[39m [32m'Erdvaus namo ─à┼¥uolo 
parketas buvo atnaujintas ir padengtas Osmo 
Polyx-Oil alyva. Klientas nor─ùjo nat┼½ralios, 
matin─ùs i┼ívaizdos.'[39m }[33m,[39m[0m
Next.js build worker exited with code: 1 and signal: 
null
