src/app/komercines-grindys/page.tsx(26,31): error TS2740: Type 'ServicePageData' is missing the following properties from type 'ServicePageData': tag, headline, subheadline, price, and 14 more.
src/app/terasu-atnaujinimas/page.tsx(26,31): error TS2740: Type 'ServicePageData' is missing the following properties from type 'ServicePageData': tag, headline, subheadline, price, and 14 more.
src/components/portfolio/PortfolioGrid.tsx(16,111): error TS2353: Object literal may only specify known properties, and 'gradient' does not exist in type 'PortfolioProject'.
src/components/portfolio/PortfolioGrid.tsx(17,115): error TS2353: Object literal may only specify known properties, and 'gradient' does not exist in type 'PortfolioProject'.
src/components/portfolio/PortfolioGrid.tsx(18,103): error TS2353: Object literal may only specify known properties, and 'gradient' does not exist in type 'PortfolioProject'.
src/components/portfolio/PortfolioGrid.tsx(19,114): error TS2353: Object literal may only specify known properties, and 'gradient' does not exist in type 'PortfolioProject'.
src/components/portfolio/PortfolioGrid.tsx(20,97): error TS2353: Object literal may only specify known properties, and 'gradient' does not exist in type 'PortfolioProject'.
src/components/portfolio/PortfolioGrid.tsx(21,107): error TS2353: Object literal may only specify known properties, and 'gradient' does not exist in type 'PortfolioProject'.
src/components/portfolio/PortfolioGrid.tsx(22,110): error TS2353: Object literal may only specify known properties, and 'gradient' does not exist in type 'PortfolioProject'.
src/components/portfolio/PortfolioGrid.tsx(23,95): error TS2353: Object literal may only specify known properties, and 'gradient' does not exist in type 'PortfolioProject'.
src/components/portfolio/PortfolioGrid.tsx(24,115): error TS2353: Object literal may only specify known properties, and 'gradient' does not exist in type 'PortfolioProject'.
